# 扩展内存
在烧录完树莓派镜像后，我们可能会发现树莓派识别的内存大小远小于我们的内存卡大小。在这种情况下我们需要扩大内存区间，否则就浪费资源了，怎么做呢？有两种方式：

## 环境说明
设备：Raspberry Pi 4b
系统：CentOS-Userland-7-armv7hl-RaspberryPI-Minimal-4-2003-sda
存储：SanDisk Ultra 128GB

## 过程
进入系统后 
```shell
# 查看内存，实际使用5G不到，我内存卡可是128G呢。。。
$ df -h

# 查看内存卡属性
$ fdisk -l
# 大体长这样，因为我是操作完之后写的，这一块日志并不是我直接复制过来的(有出入很正常)，每个系统默认已分区不一样
Disk /dev/mmcblk0: 127.9 GB, 15552479232 bytes, 30375936 sectors
Units = sectors of 1 * 512 = 512 bytes
Sector size (logical/physical): 512 bytes / 512 bytes
I/O size (minimum/optimal): 512 bytes / 512 bytes
Disk label type: dos
Disk identifier: 0x0003dba7
        Device Boot      Start         End      Blocks   Id  System
/dev/mmcblk0p1            2048       61439       29696    c  W95 FAT32 (LBA)
/dev/mmcblk0p2           61440      195584      499712   82  Linux swap / Solaris
/dev/mmcblk0p3         2426880     9459711     3516416   83  Linux

# fdisk 进入分区操作命令行
$ fdisk /dev/mmcblk0
# 交互提示还是比较友好的，英文单词也简单易懂，连本人英语渣都能看得懂。
# 本人在这里先删除最后一个分区然后在添加一个新分区
# 注意新分区的开始位置，必须紧接着上一分区的接数位置+1，不接就浪费空间了
$ d
$ 3
$ n
$ p
$ 195585
# 默认最大，吃满硬盘
$ 
$ w
# 分区完成后重启
$ reboot
# 重新加载分区，
$ resize2fs /dev/mmcblk0p3
$ df -h
# 此处运行结果都是随便编的，参考一下就行
Filesystem      Size  Used Avail Use% Mounted on
/dev/root       119G    1G  118G   1% /
devtmpfs        460M     0  460M   0% /dev
tmpfs           464M     0  464M   0% /dev/shm
tmpfs           464M   12M  452M   3% /run
tmpfs           464M     0  464M   0% /sys/fs/cgroup
/dev/mmcblk0p1  500M   50M  451M  10% /boot
tmpfs            93M     0   93M   0% /run/user/0
```
## fdisk 命令介绍
在软件中输入(常用命令)：
p——查看旧分区情况
d——删除分区
n——添加一个分区
p——查看新分区情况
w——写入分区信息并退出软件